// Jest Snapshot v1, https://goo.gl/fbAQLP

exports[`Tests for Event Card should render when component is called 1`] = `
<div>
  <div
    class="home-card"
  >
    <img
      src="https://i.ibb.co/3zbdvWX/battle-of-bands.jpg"
    />
    <div
      class="home-card-info"
    >
      <div
        class="basic-info"
      >
        <h3>
          Battle of the Bands
        </h3>
        <h5>
          Get ready for Battle of the Bands, where the hottest up-and-coming rock groups will compete for the ultimate prize. With heart-pumping beats and electrifying performances, you won't want to miss this adrenaline-fueled event. Each band will bring their A-game, leaving everything on the stage for the chance to be crowned champion. Don't miss out on the most unforgettable rock competition of the year!
        </h5>
        <p>
          <strong>
            VENUE: 
          </strong>
          All Stars Arena, Las Vegas, NV, USA
        </p>
        <p>
          <strong>
            DATE: 
          </strong>
          Wed Mar 01 2023
        </p>
      </div>
      <div
        class="home-card-action"
      >
        <span
          class="action-registered"
        />
        <span
          class="action-bookmarked"
        >
          <svg
            aria-hidden="true"
            class="svg-inline--fa fa-bookmark fa-xl "
            data-icon="bookmark"
            data-prefix="far"
            focusable="false"
            role="img"
            viewBox="0 0 384 512"
            xmlns="http://www.w3.org/2000/svg"
          >
            <path
              d="M0 48C0 21.5 21.5 0 48 0l0 48V441.4l130.1-92.9c8.3-6 19.6-6 27.9 0L336 441.4V48H48V0H336c26.5 0 48 21.5 48 48V488c0 9-5 17.2-13 21.3s-17.6 3.4-24.9-1.8L192 397.5 37.9 507.5c-7.3 5.2-16.9 5.9-24.9 1.8S0 497 0 488V48z"
              fill="currentColor"
            />
          </svg>
        </span>
      </div>
    </div>
  </div>
</div>
`;
