// Jest Snapshot v1, https://goo.gl/fbAQLP

exports[`Tests for Header should render when component is called 1`] = `
<div>
  <header
    class="paddings"
  >
    <p>
      EVENTIFY
    </p>
  </header>
</div>
`;
