// Jest Snapshot v1, https://goo.gl/fbAQLP

exports[`Tests for App.js should render the app 1`] = `
<div>
  <div
    class="not-found-page"
  >
    <h1>
      Page Not Found
    </h1>
  </div>
</div>
`;
