// Jest Snapshot v1, https://goo.gl/fbAQLP

exports[`Tests for Home Filter should render the component 1`] = `
<div>
  <div
    class="home-filter"
  >
    <div
      class="filter-left"
    >
      <div
        class="filter-text"
      >
        <svg
          aria-hidden="true"
          class="svg-inline--fa fa-filter text-icon"
          data-icon="filter"
          data-prefix="fas"
          focusable="false"
          role="img"
          viewBox="0 0 512 512"
          xmlns="http://www.w3.org/2000/svg"
        >
          <path
            d="M3.9 54.9C10.5 40.9 24.5 32 40 32H472c15.5 0 29.5 8.9 36.1 22.9s4.6 30.5-5.2 42.5L320 320.9V448c0 12.1-6.8 23.2-17.7 28.6s-23.8 4.3-33.5-3l-64-48c-8.1-6-12.8-15.5-12.8-25.6V320.9L9 97.3C-.7 85.4-2.8 68.8 3.9 54.9z"
            fill="currentColor"
          />
        </svg>
        <h3>
          FILTER
        </h3>
        <svg
          aria-hidden="true"
          class="svg-inline--fa fa-chevron-down text-icon"
          data-icon="chevron-down"
          data-prefix="fas"
          focusable="false"
          role="img"
          viewBox="0 0 448 512"
          xmlns="http://www.w3.org/2000/svg"
        >
          <path
            d="M201.4 406.6c12.5 12.5 32.8 12.5 45.3 0l192-192c12.5-12.5 12.5-32.8 0-45.3s-32.8-12.5-45.3 0L224 338.7 54.6 169.4c-12.5-12.5-32.8-12.5-45.3 0s-12.5 32.8 0 45.3l192 192z"
            fill="currentColor"
          />
        </svg>
      </div>
    </div>
  </div>
</div>
`;
